ERROR - 2026-06-17 07:25:14 --> Error connecting to the database: Exception: Unable to open database: unable to open database file in /home/itu/Documents/s4/System d'Information Rojo/github/Supermarche/system/Database/SQLite3/Connection.php:111
Stack trace:
#0 /home/itu/Documents/s4/System d'Information Rojo/github/Supermarche/system/Database/SQLite3/Connection.php(111): SQLite3->__construct()
#1 /home/itu/Documents/s4/System d'Information Rojo/github/Supermarche/system/Database/BaseConnection.php(555): CodeIgniter\Database\SQLite3\Connection->connect()
#2 /home/itu/Documents/s4/System d'Information Rojo/github/Supermarche/system/Database/SQLite3/Connection.php(74): CodeIgniter\Database\BaseConnection->initialize()
#3 /home/itu/Documents/s4/System d'Information Rojo/github/Supermarche/system/Database/BaseConnection.php(795): CodeIgniter\Database\SQLite3\Connection->initialize()
#4 /home/itu/Documents/s4/System d'Information Rojo/github/Supermarche/system/Database/BaseConnection.php(1706): CodeIgniter\Database\BaseConnection->query()
#5 /home/itu/Documents/s4/System d'Information Rojo/github/Supermarche/system/Database/BaseConnection.php(1726): CodeIgniter\Database\BaseConnection->listTables()
#6 /home/itu/Documents/s4/System d'Information Rojo/github/Supermarche/system/Database/MigrationRunner.php(821): CodeIgniter\Database\BaseConnection->tableExists()
#7 /home/itu/Documents/s4/System d'Information Rojo/github/Supermarche/system/Database/MigrationRunner.php(173): CodeIgniter\Database\MigrationRunner->ensureTable()
#8 /home/itu/Documents/s4/System d'Information Rojo/github/Supermarche/system/Commands/Database/Migrate.php(89): CodeIgniter\Database\MigrationRunner->latest()
#9 /home/itu/Documents/s4/System d'Information Rojo/github/Supermarche/system/CLI/SignalTrait.php(245): CodeIgniter\Commands\Database\Migrate::CodeIgniter\Commands\Database\{closure}()
#10 /home/itu/Documents/s4/System d'Information Rojo/github/Supermarche/system/Commands/Database/Migrate.php(88): CodeIgniter\Commands\Database\Migrate->withSignalsBlocked()
#11 /home/itu/Documents/s4/System d'Information Rojo/github/Supermarche/system/CLI/Commands.php(74): CodeIgniter\Commands\Database\Migrate->run()
#12 /home/itu/Documents/s4/System d'Information Rojo/github/Supermarche/system/CLI/Console.php(47): CodeIgniter\CLI\Commands->run()
#13 /home/itu/Documents/s4/System d'Information Rojo/github/Supermarche/system/Boot.php(442): CodeIgniter\CLI\Console->run()
#14 /home/itu/Documents/s4/System d'Information Rojo/github/Supermarche/system/Boot.php(166): CodeIgniter\Boot::runCommand()
#15 /home/itu/Documents/s4/System d'Information Rojo/github/Supermarche/spark(87): CodeIgniter\Boot::bootSpark()
#16 {main}

Next CodeIgniter\Database\Exceptions\DatabaseException: SQLite3 error: Unable to open database: unable to open database file in /home/itu/Documents/s4/System d'Information Rojo/github/Supermarche/system/Database/SQLite3/Connection.php:118
Stack trace:
#0 /home/itu/Documents/s4/System d'Information Rojo/github/Supermarche/system/Database/BaseConnection.php(555): CodeIgniter\Database\SQLite3\Connection->connect()
#1 /home/itu/Documents/s4/System d'Information Rojo/github/Supermarche/system/Database/SQLite3/Connection.php(74): CodeIgniter\Database\BaseConnection->initialize()
#2 /home/itu/Documents/s4/System d'Information Rojo/github/Supermarche/system/Database/BaseConnection.php(795): CodeIgniter\Database\SQLite3\Connection->initialize()
#3 /home/itu/Documents/s4/System d'Information Rojo/github/Supermarche/system/Database/BaseConnection.php(1706): CodeIgniter\Database\BaseConnection->query()
#4 /home/itu/Documents/s4/System d'Information Rojo/github/Supermarche/system/Database/BaseConnection.php(1726): CodeIgniter\Database\BaseConnection->listTables()
#5 /home/itu/Documents/s4/System d'Information Rojo/github/Supermarche/system/Database/MigrationRunner.php(821): CodeIgniter\Database\BaseConnection->tableExists()
#6 /home/itu/Documents/s4/System d'Information Rojo/github/Supermarche/system/Database/MigrationRunner.php(173): CodeIgniter\Database\MigrationRunner->ensureTable()
#7 /home/itu/Documents/s4/System d'Information Rojo/github/Supermarche/system/Commands/Database/Migrate.php(89): CodeIgniter\Database\MigrationRunner->latest()
#8 /home/itu/Documents/s4/System d'Information Rojo/github/Supermarche/system/CLI/SignalTrait.php(245): CodeIgniter\Commands\Database\Migrate::CodeIgniter\Commands\Database\{closure}()
#9 /home/itu/Documents/s4/System d'Information Rojo/github/Supermarche/system/Commands/Database/Migrate.php(88): CodeIgniter\Commands\Database\Migrate->withSignalsBlocked()
#10 /home/itu/Documents/s4/System d'Information Rojo/github/Supermarche/system/CLI/Commands.php(74): CodeIgniter\Commands\Database\Migrate->run()
#11 /home/itu/Documents/s4/System d'Information Rojo/github/Supermarche/system/CLI/Console.php(47): CodeIgniter\CLI\Commands->run()
#12 /home/itu/Documents/s4/System d'Information Rojo/github/Supermarche/system/Boot.php(442): CodeIgniter\CLI\Console->run()
#13 /home/itu/Documents/s4/System d'Information Rojo/github/Supermarche/system/Boot.php(166): CodeIgniter\Boot::runCommand()
#14 /home/itu/Documents/s4/System d'Information Rojo/github/Supermarche/spark(87): CodeIgniter\Boot::bootSpark()
#15 {main}
